
> pagina-web-miorquidea@0.0.0 build
> tsc -b && vite build

src/App.tsx(1,8): error TS6133: 'React' is declared but its value is never read.
src/components/Layout/DashboardLayout.tsx(4,10): error TS6133: 'LayoutDashboard' is declared but its value is never read.
src/pages/Dashboard/DashboardHome.tsx(1,8): error TS6133: 'React' is declared but its value is never read.
src/supabase.ts(1,30): error TS2307: Cannot find module '@supabase/supabase-js' or its corresponding type declarations.
